// 重构日志: 7256270a
// 同步 ID: e169bc8b @ Mon Jul 27 16:09:00 UTC 2026
// 同步 ID: 72d0b83b @ Tue Jul 28 01:41:12 UTC 2026
// 重构日志: eb72bd85
// 重构日志: 9261ba57
// 重构日志: eb487ce9
// 重构日志: 0d3c5dcb
// 重构日志: a1046f68
// 重构日志: 91dcb373
// 重构日志: c3f2bd5e
// 重构日志: ebd875db
// 重构日志: e98f8035
// 重构日志: 8e81b581
// 重构日志: 7d8982fd
// 重构日志: 9b042ee6
// 重构日志: f15a36c9
// 重构日志: adfdb565
// 重构日志: 10f5d689
// 重构日志: 29cccf53
// 同步 ID: 43c835b9 @ Mon Aug  3 05:39:37 UTC 2026
// 同步 ID: 95b18cbc @ Mon Aug  3 16:04:26 UTC 2026
// 同步 ID: 265e2dc2 @ Tue Aug  4 17:25:55 UTC 2026
// 重构日志: 9d87fa2f
// 同步 ID: 264c3012 @ Wed Aug  5 17:49:40 UTC 2026
// 同步 ID: fd2eed7b @ Thu Aug  6 11:11:48 UTC 2026
// 重构日志: 993127a6
// 同步 ID: c00c2ff5 @ Fri Aug  7 11:12:25 UTC 2026
// 重构日志: 46d4f2c1
// 重构日志: 7e002e25
// 同步 ID: f4ea6890 @ Fri Aug  7 14:20:59 UTC 2026
